[07/20/26 17:04:10] info     ================= cer started =================
[07/20/26 17:04:10] info     C:\Program Files\Autodesk\AutoCAD 2027\cer.dll, 7.2.4+20251128.8f05bb68.927
[07/20/26 17:04:10] info     Setting key SP/SDK_VERSION, value 7.2.4+20251128.8f05bb68.927 (maxCount 1)
[07/20/26 17:04:10] info     Setting key SP/PRODUCT_NAME_HASH, value f4bac121a1625586cb5b9106c8e839a7990f2b6c (maxCount 1)
[07/20/26 17:04:10] info     Setting key SP/RUNTIME_ARCH, value 1 (maxCount 1)
[07/20/26 17:04:10] info     Set senddmp exe path to C:\Program Files\Autodesk\AutoCAD 2027\CER\senddmp.exe
[07/20/26 17:04:10] info     The cer_service exe C:\Program Files\Autodesk\AutoCAD 2027\CER\service\cer_service.exe is not in folder C:\Program Files\Autodesk\AutoCAD 2027\CER\, it's not a sandbox
[07/20/26 17:04:10] info     Set upi exe path to C:\Program Files\Autodesk\AutoCAD 2027\CER\upi.exe
[07/20/26 17:04:10] info     launching C:\Program Files\Autodesk\AutoCAD 2027\CER\upi.exe --cmd=get-device-id C:\Users\odojak\AppData\Local\Temp\15FCE767F24F74D1\Temp\upi_deviceid2
[07/20/26 17:04:10] info     Set deviceID2 to FDC498A4052CA7AD72F1920B085AE892A083BFB4D5740C70B59AF43E8CC5E2D4&97A8DFD5EAE8F4E88620075E7CDE43725C191AE9EB8F08D856A1599BFAA348E2&2071F50CAB3E8A0D23B773C67B03C3069670DAF17BE1539991B1F1EEBBBAE4B7
[07/20/26 17:04:10] info     Setting key SP/DEVICEID2, value FDC498A4052CA7AD72F1920B085AE892A083BFB4D5740C70B59AF43E8CC5E2D4&97A8DFD5EAE8F4E88620075E7CDE43725C191AE9EB8F08D856A1599BFAA348E2&2071F50CAB3E8A0D23B773C67B03C3069670DAF17BE1539991B1F1EEBBBAE4B7 (maxCount 1)
[07/20/26 17:04:10] info     Setting key SP/UUID, value f4bac121a1625586cb5b9106c8e839a7990f2b6cFDC498A4052CA7AD72F1920B085AE892A083BFB4D5740C70B59AF43E8CC5E2D4&97A8DFD5EAE8F4E88620075E7CDE43725C191AE9EB8F08D856A1599BFAA348E2&2071F50CAB3E8A0D23B773C67B03C3069670DAF17BE1539991B1F1EEBBBAE4B7 (maxCount 1)
[07/20/26 17:04:10] info     Set senddmp exe path to C:\Program Files\Autodesk\AutoCAD 2027\CER\senddmp.exe
[07/20/26 17:04:10] info     The cer_service exe C:\Program Files\Autodesk\AutoCAD 2027\CER\service\cer_service.exe is not in folder C:\Program Files\Autodesk\AutoCAD 2027\CER\, it's not a sandbox
[07/20/26 17:04:10] info     launching C:\Program Files\Autodesk\AutoCAD 2027\CER\upi.exe "C:\Program Files\Autodesk\AutoCAD 2027\en-US\UPI\upiconfig.xml" C:\Users\odojak\AppData\Local\Temp\15FCE767F24F74D1\Temp\upi_info.xml
[07/20/26 17:04:11] info     Setting key SP/UPI_PRODUCT, value ACD (maxCount 1)
[07/20/26 17:04:11] info     Setting key SP/UPI_RELEASE, value 2027 (maxCount 1)
[07/20/26 17:04:11] info     Setting key SP/UPI_MASTER, value {28B89EEF-A101-0409-2102-CF3F3A09B77D} (maxCount 1)
[07/20/26 17:04:11] info     Setting key SP/UPI_BUILD, value 26.0.60.0.0 (maxCount 1)
[07/20/26 17:04:11] info     Setting key SP/UPI_FULL_XML, value <?xml version="1.0"?><upipackage><upivalue version="1.0" type="product" requestingapp="true"><level name="productline" id="ACD"><level name="release" id="2027"><level name="master" id="{28B89EEF-A101-0409-2102-CF3F3A09B77D}"><level name="build" id="26.0.60.0.0"/></level></level></level></upivalue>
<upivalue version="1.0" type="product"><level name="productline" id="ACD"><level name="release" id="2027"><level name="master" id="{28B89EEF-A101-0409-1102-CF3F3A09B77D}"><level name="build" id="26.0.60.0.0"/></level></level></level></upivalue>
<upivalue version="1.0" type="product"><level name="productline" id="ACD"><level name="release" id="2027"><level name="master" id="{28B89EEF-A101-0000-0102-CF3F3A09B77D}"><level name="build" id="26.0.60.0.0"/></level></level></level></upivalue>
<upivalue version="1.0" type="product"><level name="productline" id="ARCHDESK"><level name="release" id="2027"><level name="master" id="{28B89EEE-A104-0000-5102-CF3F3A09B77D}"><level name="build" id="8.9.46.0"/></level></level></level></upivalue>
</upipackage> (maxCount 1)
[07/20/26 17:04:11] info     set legacy options: /APPICON "C:\Program Files\Autodesk\AutoCAD 2027\AcBrandRes.dll" /APPICONID 1
[07/20/26 17:04:11] info     Setting key RP/AppIcon, value C:\Program Files\Autodesk\AutoCAD 2027\AcBrandRes.dll (maxCount 1)
[07/20/26 17:04:11] info     Setting key RP/AppIconId, value 1 (maxCount 1)
[07/20/26 17:04:11] info     Setting key RP/CadSettingsRegPath, value Software\Autodesk\AutoCAD\R26.0\ACAD-A101:409\CadManagerControl\CustomerErrorReport (maxCount 1)
[07/20/26 17:04:11] info     Setting key RP/AppLocaleId, value 1033 (maxCount 1)
[07/20/26 17:04:11] info     Setting key RP/AppXML, value <ProductInformation name ="AutoCAD" build_version="X.60.0.0(x64)" registry_version="26.0" install_id_string="15FCE767F24F74D1" registry_localeID="1033" git_commit_id="90c984aa66a571142ee0757584bac517eec2175a" /> (maxCount 100)
[07/20/26 17:04:11] info     Setting key SP/THEME_TYPE, value Blue (maxCount 1)
[07/20/26 17:04:11] info     Setting key SP/EXCEPTION_INFO_POINTER, value 140718665270552 (maxCount 1)
[07/20/26 17:04:11] info     Setting key SP/THREAD_ID, value 4294967295 (maxCount 1)
[07/20/26 17:04:11] info     Get key SP/THREAD_ID, index 0: "4294967295"
[07/20/26 17:04:11] info     Setting key SP/WER, value 0 (maxCount 1)
[07/20/26 17:04:11] info     Get key SP/WER, index 0: "0"
[07/20/26 17:04:11] info     Registered C:\Program Files\Autodesk\AutoCAD 2027\cer.dll as WER runtime exception module
[07/20/26 17:04:11] info     Current ErrorMode is 32769
[07/20/26 17:04:11] debug    Receiver ping: pong
